nohup: no se tendrá en cuenta la entrada
[INFO] 🚀 Servidor backend corriendo en http://localhost:5000
🚀 Servidor backend corriendo en http://localhost:5000
Conectado a la base de datos de productos
Conectado a la base de datos de usuarios
Conectado a la base de datos de productos para reseñas
Conectado a la base de datos de usuarios para lista de deseos
Conectado a la base de datos de usuarios para carrito de compras
Tabla de usuarios verificada o creada
Tabla de reseñas verificada o creada
Tabla de lista de deseos verificada o creada
Tabla de carrito verificada o creada
Servidor de correo configurado correctamente
[ACCESS] GET /api/products/popular?limit=4 - IP: ::1 - In progress
[ACCESS] GET /popular?limit=4 - IP: ::1 - Status: 200
[ACCESS] GET /api/products - IP: ::1 - In progress
[ACCESS] GET / - IP: ::1 - Status: 200
[ACCESS] GET /index.html - IP: ::1 - In progress
[ACCESS] GET /.well-known/appspecific/com.chrome.devtools.json - IP: ::1 - In progress
[ACCESS] GET / - IP: ::1 - Status: 404
[ACCESS] GET /assets/css/preflight.css - IP: ::1 - In progress
[ACCESS] GET /assets/css/theme.css - IP: ::1 - In progress
[ACCESS] GET /assets/css/index.css - IP: ::1 - In progress
[ACCESS] GET /assets/css/styles.css - IP: ::1 - In progress
[ACCESS] GET /assets/css/consistent-theme.css - IP: ::1 - In progress
[ACCESS] GET /assets/css/header.css - IP: ::1 - In progress
[ACCESS] GET /assets/css/visibility-fix.css - IP: ::1 - In progress
[ACCESS] GET /assets/css/conflict-fixes.css - IP: ::1 - In progress
[ACCESS] GET /assets/css/color-enhancements.css - IP: ::1 - In progress
[ACCESS] GET /assets/js/main.js - IP: ::1 - In progress
[ACCESS] GET /assets/images/fondo.png - IP: ::1 - In progress
[ACCESS] GET /assets/js/components/utils/theme.js - IP: ::1 - In progress
[ACCESS] GET /assets/js/components/utils/lazyLoad.js - IP: ::1 - In progress
[ACCESS] GET /assets/js/components/utils/userMenu.js - IP: ::1 - In progress
[ACCESS] GET /assets/js/components/pages/homeProducts.js - IP: ::1 - In progress
[ACCESS] GET /assets/js/components/ui/Header.js - IP: ::1 - In progress
[ACCESS] GET /assets/js/components/ui/Footer.js - IP: ::1 - In progress
[ACCESS] GET /assets/js/components/ui/Testimonials.js - IP: ::1 - In progress
[ACCESS] GET /assets/js/components/cart/CartItem.js - IP: ::1 - In progress
[ACCESS] GET /assets/js/components/utils/utils.js - IP: ::1 - In progress
[ACCESS] GET /assets/js/components/product/ProductCard.js - IP: ::1 - In progress
[ACCESS] GET /assets/images/flowers/flower1.svg - IP: ::1 - In progress
[ACCESS] GET /assets/images/flowers/flower2.svg - IP: ::1 - In progress
[ACCESS] GET /assets/images/flowers/flower3.svg - IP: ::1 - In progress
[ACCESS] GET /assets/images/logo.png - IP: ::1 - In progress
[ACCESS] GET /assets/images/favicon.ico - IP: ::1 - In progress
[ACCESS] GET /assets/images/favicon-32x32.png - IP: ::1 - In progress
[ACCESS] GET /assets/images/favicon-16x16.png - IP: ::1 - In progress
[ACCESS] GET /api/products/popular?limit=4 - IP: ::1 - In progress
[ACCESS] GET /popular?limit=4 - IP: ::1 - Status: 200
[ACCESS] GET /api/products - IP: ::1 - In progress
[ACCESS] GET / - IP: ::1 - Status: 200
[ACCESS] GET /api/products/popular?limit=4 - IP: ::1 - In progress
[ACCESS] GET /popular?limit=4 - IP: ::1 - Status: 200
[ACCESS] GET /api/products - IP: ::1 - In progress
[ACCESS] GET / - IP: ::1 - Status: 200
[ACCESS] GET /index.html - IP: ::1 - In progress
[ACCESS] GET /assets/css/preflight.css - IP: ::1 - In progress
[ACCESS] GET /assets/css/theme.css - IP: ::1 - In progress
[ACCESS] GET /assets/css/index.css - IP: ::1 - In progress
[ACCESS] GET /assets/css/styles.css - IP: ::1 - In progress
[ACCESS] GET /assets/css/consistent-theme.css - IP: ::1 - In progress
[ACCESS] GET /assets/css/header.css - IP: ::1 - In progress
[ACCESS] GET /assets/css/visibility-fix.css - IP: ::1 - In progress
[ACCESS] GET /assets/css/conflict-fixes.css - IP: ::1 - In progress
[ACCESS] GET /assets/css/color-enhancements.css - IP: ::1 - In progress
[ACCESS] GET /assets/js/main.js - IP: ::1 - In progress
[ACCESS] GET /assets/images/fondo.png - IP: ::1 - In progress
[ACCESS] GET /assets/js/components/utils/theme.js - IP: ::1 - In progress
[ACCESS] GET /assets/js/components/utils/lazyLoad.js - IP: ::1 - In progress
[ACCESS] GET /assets/js/components/utils/userMenu.js - IP: ::1 - In progress
[ACCESS] GET /assets/js/components/pages/homeProducts.js - IP: ::1 - In progress
[ACCESS] GET /assets/js/components/ui/Header.js - IP: ::1 - In progress
[ACCESS] GET /assets/js/components/ui/Footer.js - IP: ::1 - In progress
[ACCESS] GET /assets/js/components/ui/Testimonials.js - IP: ::1 - In progress
[ACCESS] GET /assets/js/components/cart/CartItem.js - IP: ::1 - In progress
[ACCESS] GET /assets/js/components/utils/utils.js - IP: ::1 - In progress
[ACCESS] GET /assets/js/components/product/ProductCard.js - IP: ::1 - In progress
[ACCESS] GET /assets/images/flowers/flower1.svg - IP: ::1 - In progress
[ACCESS] GET /assets/images/flowers/flower2.svg - IP: ::1 - In progress
[ACCESS] GET /assets/images/flowers/flower3.svg - IP: ::1 - In progress
[ACCESS] GET /assets/images/logo.png - IP: ::1 - In progress
[ACCESS] GET /assets/images/favicon.ico - IP: ::1 - In progress
[ACCESS] GET /assets/images/favicon-32x32.png - IP: ::1 - In progress
[ACCESS] GET /assets/images/favicon-16x16.png - IP: ::1 - In progress
[ACCESS] GET /api/products/popular?limit=4 - IP: ::1 - In progress
[ACCESS] GET /popular?limit=4 - IP: ::1 - Status: 200
[ACCESS] GET /api/products - IP: ::1 - In progress
[ACCESS] GET / - IP: ::1 - Status: 200
[ACCESS] GET /index.html - IP: ::1 - In progress
[ACCESS] GET /assets/css/preflight.css - IP: ::1 - In progress
[ACCESS] GET /assets/css/theme.css - IP: ::1 - In progress
[ACCESS] GET /assets/css/index.css - IP: ::1 - In progress
[ACCESS] GET /assets/css/styles.css - IP: ::1 - In progress
[ACCESS] GET /assets/css/consistent-theme.css - IP: ::1 - In progress
[ACCESS] GET /assets/css/header.css - IP: ::1 - In progress
[ACCESS] GET /assets/css/visibility-fix.css - IP: ::1 - In progress
[ACCESS] GET /assets/css/conflict-fixes.css - IP: ::1 - In progress
[ACCESS] GET /assets/css/color-enhancements.css - IP: ::1 - In progress
[ACCESS] GET /assets/js/main.js - IP: ::1 - In progress
[ACCESS] GET /assets/images/fondo.png - IP: ::1 - In progress
[ACCESS] GET /assets/js/components/utils/theme.js - IP: ::1 - In progress
[ACCESS] GET /assets/js/components/utils/lazyLoad.js - IP: ::1 - In progress
[ACCESS] GET /assets/js/components/utils/userMenu.js - IP: ::1 - In progress
[ACCESS] GET /assets/js/components/pages/homeProducts.js - IP: ::1 - In progress
[ACCESS] GET /assets/js/components/ui/Header.js - IP: ::1 - In progress
[ACCESS] GET /assets/js/components/ui/Footer.js - IP: ::1 - In progress
[ACCESS] GET /assets/js/components/ui/Testimonials.js - IP: ::1 - In progress
[ACCESS] GET /assets/js/components/cart/CartItem.js - IP: ::1 - In progress
[ACCESS] GET /assets/js/components/utils/utils.js - IP: ::1 - In progress
[ACCESS] GET /assets/js/components/product/ProductCard.js - IP: ::1 - In progress
[ACCESS] GET /assets/images/flowers/flower1.svg - IP: ::1 - In progress
[ACCESS] GET /assets/images/flowers/flower2.svg - IP: ::1 - In progress
[ACCESS] GET /assets/images/flowers/flower3.svg - IP: ::1 - In progress
[ACCESS] GET /assets/images/logo.png - IP: ::1 - In progress
[ACCESS] GET /assets/images/favicon.ico - IP: ::1 - In progress
[ACCESS] GET /assets/images/favicon-32x32.png - IP: ::1 - In progress
[ACCESS] GET /assets/images/favicon-16x16.png - IP: ::1 - In progress
[ACCESS] GET /assets/css/preflight.css - IP: ::1 - In progress
[ACCESS] GET /assets/css/theme.css - IP: ::1 - In progress
[ACCESS] GET /assets/css/index.css - IP: ::1 - In progress
[ACCESS] GET /assets/css/styles.css - IP: ::1 - In progress
[ACCESS] GET /assets/css/consistent-theme.css - IP: ::1 - In progress
[ACCESS] GET /assets/css/header.css - IP: ::1 - In progress
[ACCESS] GET /assets/css/visibility-fix.css - IP: ::1 - In progress
[ACCESS] GET /assets/css/conflict-fixes.css - IP: ::1 - In progress
[ACCESS] GET /assets/css/color-enhancements.css - IP: ::1 - In progress
[ACCESS] GET /.well-known/appspecific/com.chrome.devtools.json - IP: ::1 - In progress
[ACCESS] GET / - IP: ::1 - Status: 404
[ACCESS] GET /index.html - IP: ::1 - In progress
[ACCESS] GET /.well-known/appspecific/com.chrome.devtools.json - IP: ::1 - In progress
[ACCESS] GET / - IP: ::1 - Status: 404
[ACCESS] GET /assets/css/preflight.css - IP: ::1 - In progress
[ACCESS] GET /assets/css/theme.css - IP: ::1 - In progress
[ACCESS] GET /assets/css/index.css - IP: ::1 - In progress
[ACCESS] GET /assets/css/styles.css - IP: ::1 - In progress
[ACCESS] GET /assets/css/consistent-theme.css - IP: ::1 - In progress
[ACCESS] GET /assets/css/header.css - IP: ::1 - In progress
[ACCESS] GET /assets/css/visibility-fix.css - IP: ::1 - In progress
[ACCESS] GET /assets/css/conflict-fixes.css - IP: ::1 - In progress
[ACCESS] GET /assets/css/color-enhancements.css - IP: ::1 - In progress
[ACCESS] GET /assets/js/main.js - IP: ::1 - In progress
[ACCESS] GET /assets/images/fondo.png - IP: ::1 - In progress
[ACCESS] GET /assets/js/components/utils/theme.js - IP: ::1 - In progress
[ACCESS] GET /assets/js/components/utils/lazyLoad.js - IP: ::1 - In progress
[ACCESS] GET /assets/js/components/utils/userMenu.js - IP: ::1 - In progress
[ACCESS] GET /assets/js/components/pages/homeProducts.js - IP: ::1 - In progress
[ACCESS] GET /assets/js/components/ui/Header.js - IP: ::1 - In progress
[ACCESS] GET /assets/js/components/ui/Footer.js - IP: ::1 - In progress
[ACCESS] GET /assets/js/components/ui/Testimonials.js - IP: ::1 - In progress
[ACCESS] GET /assets/js/components/cart/CartItem.js - IP: ::1 - In progress
[ACCESS] GET /assets/js/components/utils/utils.js - IP: ::1 - In progress
[ACCESS] GET /assets/js/components/product/ProductCard.js - IP: ::1 - In progress
[ACCESS] GET /assets/images/logo.png - IP: ::1 - In progress
[ACCESS] GET /assets/images/flowers/flower1.svg - IP: ::1 - In progress
[ACCESS] GET /assets/images/flowers/flower2.svg - IP: ::1 - In progress
[ACCESS] GET /assets/images/flowers/flower3.svg - IP: ::1 - In progress
[ACCESS] GET /assets/images/favicon.ico - IP: ::1 - In progress
[ACCESS] GET /assets/images/favicon-32x32.png - IP: ::1 - In progress
[ACCESS] GET /assets/images/favicon-16x16.png - IP: ::1 - In progress
[ACCESS] GET /login.html - IP: ::1 - In progress
[ERROR] [APPLICATION_ERROR] Ruta no encontrada Context: {"url":"/login.html","method":"GET","ip":"::1"} null
[ACCESS] GET / - IP: ::1 - Status: 404
[ACCESS] GET /.well-known/appspecific/com.chrome.devtools.json - IP: ::1 - In progress
[ACCESS] GET / - IP: ::1 - Status: 404
[ACCESS] GET /favicon.ico - IP: ::1 - In progress
[ERROR] [APPLICATION_ERROR] Ruta no encontrada Context: {"url":"/favicon.ico","method":"GET","ip":"::1"} null
[ACCESS] GET / - IP: ::1 - Status: 404
[ACCESS] GET /login.html - IP: ::1 - In progress
[ERROR] [APPLICATION_ERROR] Ruta no encontrada Context: {"url":"/login.html","method":"GET","ip":"::1"} null
[ACCESS] GET / - IP: ::1 - Status: 404
[ACCESS] GET /.well-known/appspecific/com.chrome.devtools.json - IP: ::1 - In progress
[ACCESS] GET / - IP: ::1 - Status: 404
[ACCESS] GET /favicon.ico - IP: ::1 - In progress
[ERROR] [APPLICATION_ERROR] Ruta no encontrada Context: {"url":"/favicon.ico","method":"GET","ip":"::1"} null
[ACCESS] GET / - IP: ::1 - Status: 404
[ACCESS] GET /login.html - IP: ::1 - In progress
[ERROR] [APPLICATION_ERROR] Ruta no encontrada Context: {"url":"/login.html","method":"GET","ip":"::1"} null
[ACCESS] GET / - IP: ::1 - Status: 404
[ACCESS] GET /.well-known/appspecific/com.chrome.devtools.json - IP: ::1 - In progress
[ACCESS] GET / - IP: ::1 - Status: 404
[ACCESS] GET /login.html - IP: ::1 - In progress
[ERROR] [APPLICATION_ERROR] Ruta no encontrada Context: {"url":"/login.html","method":"GET","ip":"::1"} null
[ACCESS] GET / - IP: ::1 - Status: 404
[ACCESS] GET /.well-known/appspecific/com.chrome.devtools.json - IP: ::1 - In progress
[ACCESS] GET / - IP: ::1 - Status: 404
[ACCESS] GET /login.html - IP: ::1 - In progress
[ERROR] [APPLICATION_ERROR] Ruta no encontrada Context: {"url":"/login.html","method":"GET","ip":"::1"} null
[ACCESS] GET / - IP: ::1 - Status: 404
[ACCESS] GET /.well-known/appspecific/com.chrome.devtools.json - IP: ::1 - In progress
[ACCESS] GET / - IP: ::1 - Status: 404
[ACCESS] GET /.well-known/appspecific/com.chrome.devtools.json - IP: ::1 - In progress
[ACCESS] GET / - IP: ::1 - Status: 404
[ACCESS] GET /assets/images/favicon.ico - IP: ::1 - In progress
[ACCESS] GET /login.html - IP: ::1 - In progress
[ERROR] [APPLICATION_ERROR] Ruta no encontrada Context: {"url":"/login.html","method":"GET","ip":"::1"} null
[ACCESS] GET / - IP: ::1 - Status: 404
[ACCESS] GET /.well-known/appspecific/com.chrome.devtools.json - IP: ::1 - In progress
[ACCESS] GET / - IP: ::1 - Status: 404
[INFO] Recibida señal SIGTERM. Cerrando servidor...
[INFO] Servidor cerrado correctamente
[2025-09-04T02:42:02.375Z] Servidor de correo configurado correctamente
[2025-09-04T02:53:46.154Z] Servidor de correo configurado correctamente
[2025-09-04T03:11:37.067Z] Servidor de correo configurado correctamente
[2025-09-04T03:15:51.631Z] Servidor de correo configurado correctamente
[2025-09-04T03:24:46.465Z] Servidor de correo configurado correctamente
[2025-09-04T04:21:05.595Z] Servidor de correo configurado correctamente
[2025-09-04T04:32:11.401Z] Servidor de correo configurado correctamente
[2025-09-04T04:37:17.271Z] Servidor de correo configurado correctamente
[2025-09-04T04:41:18.736Z] Servidor de correo configurado correctamente
[2025-09-04T04:45:25.517Z] Servidor de correo configurado correctamente
[2025-09-04T19:48:18.558Z] Error en la configuración del transporte de correo: Error: Missing credentials for "PLAIN"
[2025-09-04T19:53:41.994Z] Servidor de correo configurado correctamente
[2025-09-04T20:06:41.259Z] Error en la configuración del transporte de correo: Error: Missing credentials for "PLAIN"
[2025-09-05T20:26:49.610Z] Servidor de correo configurado correctamente
[2025-09-05T20:40:10.129Z] Servidor de correo configurado correctamente
[2025-09-05T20:40:41.049Z] Servidor de correo configurado correctamente
[2025-09-05T20:44:38.023Z] Servidor de correo configurado correctamente
[2025-09-05T20:59:50.787Z] Error en la configuración del transporte de correo: Error: Missing credentials for "PLAIN"
[2025-09-05T21:01:27.261Z] Servidor de correo configurado correctamente
[2025-09-05T21:10:15.527Z] Servidor de correo configurado correctamente
[2025-09-05T21:27:22.708Z] Servidor de correo configurado correctamente
[2025-09-05T21:33:51.218Z] Servidor de correo configurado correctamente
[2025-09-05T21:34:24.600Z] Servidor de correo configurado correctamente
[2025-09-05T21:36:33.137Z] Servidor de correo configurado correctamente
[2025-09-05T21:38:18.670Z] Servidor de correo configurado correctamente
[2025-09-05T21:42:01.895Z] Servidor de correo configurado correctamente
[2025-09-05T21:45:58.350Z] Servidor de correo configurado correctamente
[2025-09-05T21:52:35.673Z] Servidor de correo configurado correctamente
[2025-09-05T22:04:59.961Z] Servidor de correo configurado correctamente
[2025-09-05T22:10:34.929Z] Servidor de correo configurado correctamente
[2025-09-05T22:13:18.957Z] Servidor de correo configurado correctamente
[2025-09-05T22:24:16.620Z] Servidor de correo configurado correctamente
[2025-09-05T22:41:35.777Z] Servidor de correo configurado correctamente
[2025-09-05T22:47:05.199Z] Servidor de correo configurado correctamente
[2025-09-05T22:56:29.737Z] Servidor de correo configurado correctamente
[2025-09-05T23:19:49.623Z] Error en la configuración del transporte de correo: Error: Missing credentials for "PLAIN"
[2025-09-05T23:21:32.584Z] Error en la configuración del transporte de correo: Error: Missing credentials for "PLAIN"
[2025-09-05T23:38:31.917Z] Servidor de correo configurado correctamente
[2025-09-05T23:39:28.236Z] Servidor de correo configurado correctamente
[2025-09-05T23:56:10.261Z] Servidor de correo configurado correctamente
[2025-09-06T00:22:36.073Z] Servidor de correo configurado correctamente
[2025-09-06T01:51:16.352Z] Servidor de correo configurado correctamente
[2025-09-06T01:51:43.096Z] Error en la configuración del transporte de correo: Error: Missing credentials for "PLAIN"
[2025-09-06T01:57:30.112Z] Error en la configuración del transporte de correo: Error: Missing credentials for "PLAIN"
[2025-09-06T01:57:39.757Z] Error en la configuración del transporte de correo: Error: Missing credentials for "PLAIN"
[2025-09-06T01:57:53.353Z] Error en la configuración del transporte de correo: Error: Missing credentials for "PLAIN"
[2025-09-06T01:58:24.096Z] Error en la configuración del transporte de correo: Error: Missing credentials for "PLAIN"
[2025-09-06T01:58:39.150Z] Error en la configuración del transporte de correo: Error: Missing credentials for "PLAIN"
[2025-09-06T01:58:52.887Z] Error en la configuración del transporte de correo: Error: Missing credentials for "PLAIN"
[2025-09-06T01:59:09.574Z] Error en la configuración del transporte de correo: Error: Missing credentials for "PLAIN"
[2025-09-06T01:59:25.314Z] Error en la configuración del transporte de correo: Error: Missing credentials for "PLAIN"
[2025-09-06T01:59:51.358Z] Error en la configuración del transporte de correo: Error: Missing credentials for "PLAIN"
[2025-09-06T02:00:08.134Z] Error en la configuración del transporte de correo: Error: Missing credentials for "PLAIN"
[2025-09-06T02:33:27.230Z] Error en la configuración del transporte de correo: Error: Missing credentials for "PLAIN"
[2025-09-06T02:35:28.971Z] Error en la configuración del transporte de correo: Error: Missing credentials for "PLAIN"
[2025-09-06T02:45:57.889Z] Error en la configuración del transporte de correo: Error: Missing credentials for "PLAIN"
[2025-09-06T02:46:29.488Z] Error en la configuración del transporte de correo: Error: Missing credentials for "PLAIN"
[2025-09-06T02:51:54.616Z] Error en la configuración del transporte de correo: Error: Missing credentials for "PLAIN"
[2025-09-06T02:52:27.805Z] Error en la configuración del transporte de correo: Error: Missing credentials for "PLAIN"
[2025-09-06T02:56:34.483Z] Error en la configuración del transporte de correo: Error: Missing credentials for "PLAIN"
[2025-09-06T02:56:45.645Z] Error en la configuración del transporte de correo: Error: Missing credentials for "PLAIN"
[2025-09-06T02:57:06.883Z] Error en la configuración del transporte de correo: Error: Missing credentials for "PLAIN"
[2025-09-06T03:00:33.693Z] Error en la configuración del transporte de correo: Error: Missing credentials for "PLAIN"
[2025-09-06T03:02:40.570Z] Error en la configuración del transporte de correo: Error: Missing credentials for "PLAIN"
[2025-09-06T03:05:22.309Z] Error en la configuración del transporte de correo: Error: Missing credentials for "PLAIN"
[2025-09-06T03:06:08.649Z] Error en la configuración del transporte de correo: Error: Missing credentials for "PLAIN"
[2025-09-06T03:06:30.502Z] Error en la configuración del transporte de correo: Error: Missing credentials for "PLAIN"
[2025-09-06T03:06:50.222Z] Error en la configuración del transporte de correo: Error: Missing credentials for "PLAIN"
[2025-09-06T03:06:50.838Z] Error en la configuración del transporte de correo: Error: Missing credentials for "PLAIN"
[2025-09-06T03:08:00.521Z] Error en la configuración del transporte de correo: Error: Missing credentials for "PLAIN"
[2025-09-06T03:09:12.293Z] Servidor de correo configurado correctamente
[2025-09-06T03:10:11.232Z] Error en la configuración del transporte de correo: Error: Missing credentials for "PLAIN"
[2025-09-06T03:10:23.921Z] Servidor de correo configurado correctamente
[2025-09-06T03:13:41.144Z] Error en la configuración del transporte de correo: Error: Missing credentials for "PLAIN"
[2025-09-06T03:14:30.428Z] Error en la configuración del transporte de correo: Error: Missing credentials for "PLAIN"
[2025-09-06T03:14:42.576Z] Servidor de correo configurado correctamente
[2025-09-06T03:15:18.211Z] Error en la configuración del transporte de correo: Error: Missing credentials for "PLAIN"
[2025-09-06T03:18:25.807Z] Error en la configuración del transporte de correo: Error: Missing credentials for "PLAIN"
[2025-09-06T03:21:07.700Z] Error en la configuración del transporte de correo: Error: Missing credentials for "PLAIN"
[2025-09-06T03:21:41.273Z] Error en la configuración del transporte de correo: Error: Missing credentials for "PLAIN"
[2025-09-06T03:21:47.437Z] Error en la configuración del transporte de correo: Error: Missing credentials for "PLAIN"
[2025-09-06T03:22:42.727Z] Error en la configuración del transporte de correo: Error: Missing credentials for "PLAIN"
[2025-09-06T03:23:15.495Z] Error en la configuración del transporte de correo: Error: Missing credentials for "PLAIN"
[2025-09-06T03:23:29.123Z] Error en la configuración del transporte de correo: Error: Missing credentials for "PLAIN"
[2025-09-06T03:24:08.333Z] Error en la configuración del transporte de correo: Error: Missing credentials for "PLAIN"
[2025-09-06T03:25:38.593Z] Servidor de correo configurado correctamente
[2025-09-06T03:26:25.661Z] Error en la configuración del transporte de correo: Error: Missing credentials for "PLAIN"
[2025-09-06T03:30:38.988Z] Error en la configuración del transporte de correo: Error: Missing credentials for "PLAIN"
[2025-09-06T03:51:07.118Z] Error en la configuración del transporte de correo: Error: Missing credentials for "PLAIN"
[2025-09-06T14:52:04.681Z] Error en la configuración del transporte de correo: Error: Missing credentials for "PLAIN"
[2025-09-06T14:52:33.556Z] Servidor de correo configurado correctamente
[2025-09-06T18:24:59.731Z] Error en la configuración del transporte de correo: Error: Missing credentials for "PLAIN"
